../Core/Src/main.c:87:6:u8g_Delay	16	static
../Core/Src/main.c:90:6:u8g_xMicroDelay	16	static
../Core/Src/main.c:102:6:u8g_MicroDelay	8	static
../Core/Src/main.c:105:6:u8g_10MicroDelay	8	static
../Core/Src/main.c:109:9:u8g_com_arm_stm32_sh_i2c_fn	40	static
../Core/Src/main.c:148:5:main	104	static
../Core/Src/main.c:335:6:SystemClock_Config	96	static
../Core/Src/main.c:392:6:HAL_TIM_IC_CaptureCallback	24	static
../Core/Src/main.c:433:6:HAL_TIM_PeriodElapsedCallback	16	static
../Core/Src/main.c:438:6:HAL_SPI_RxCpltCallback	16	static
../Core/Src/main.c:443:6:HAL_SPI_TxCpltCallback	16	static
../Core/Src/main.c:449:6:HAL_SPI_TxRxCpltCallback	16	static
../Core/Src/main.c:460:6:Error_Handler	4	static,ignoring_inline_asm
