../Core/Src/main.c:89:6:u8g_Delay	16	static
../Core/Src/main.c:92:6:u8g_xMicroDelay	16	static
../Core/Src/main.c:104:6:u8g_MicroDelay	8	static
../Core/Src/main.c:107:6:u8g_10MicroDelay	8	static
../Core/Src/main.c:111:9:u8g_com_arm_stm32_sh_i2c_fn	40	static
../Core/Src/main.c:150:5:main	104	static
../Core/Src/main.c:323:6:SystemClock_Config	96	static
../Core/Src/main.c:380:6:HAL_TIM_IC_CaptureCallback	24	static
../Core/Src/main.c:421:6:HAL_TIM_PeriodElapsedCallback	16	static
../Core/Src/main.c:426:6:HAL_SPI_RxCpltCallback	16	static
../Core/Src/main.c:435:6:HAL_SPI_TxCpltCallback	16	static
../Core/Src/main.c:445:6:HAL_SPI_TxRxCpltCallback	16	static
../Core/Src/main.c:460:6:Error_Handler	4	static,ignoring_inline_asm
